127.0.0.1:5432 - accepting connections
postgres (PostgreSQL) 16.10 (Debian 16.10-1.pgdg13+1)
Redis server v=7.4.6 sha=00000000:0 malloc=jemalloc-5.3.0 bits=64 build=9b9852680eadfdc6
fixture=af4a4b48580627366df041570a1d3348ee347876e34007a39afa87f85aa37939 memory=805306368 memory_swap=805306368 nanocpus=1000000000
fixture=925a5a7e1745233ea6d391c448cb9725935f42751f114f2caa17921b98193c6f memory=134217728 memory_swap=134217728 nanocpus=500000000
apply isolated migration=migrations/20260921134442_initial.sql
apply isolated migration=migrations/20260922190000_quota_expand.sql
apply isolated migration=migrations/20260922190100_quota_constraints.sql
apply isolated migration=migrations/20260923130000_gpu_sqlc.sql
apply isolated migration=migrations/20260923130100_gpu_no_rls_catalog.sql
apply isolated migration=migrations/20260923130200_gpu_sync_ref.sql
apply isolated migration=migrations/20260923143455_drop_geo_location.sql
apply isolated migration=migrations/20260930093111_cpu_modeldev_acceptance.sql
apply isolated migration=migrations/20260930103955_cpu_modeldev_release_binding.sql
apply isolated migration=migrations/20261003074738_cpu_modeldev_delivery.sql
apply isolated migration=migrations/20261003152319_cpu_modeldev_stop.sql
Image Governance joint fixture pg=af4a4b48580627366df041570a1d3348ee347876e34007a39afa87f85aa37939 redis=925a5a7e1745233ea6d391c448cb9725935f42751f114f2caa17921b98193c6f
=== RUN   TestImageJointHTTP
    image_joint_http_test.go:239: real Resource disable contract via authenticated HTTP and mTLS
    image_joint_http_test.go:242: HTTP POST /api/v1/images/space:enable -> 200
    image_joint_http_test.go:245: HTTP GET /api/v1/images/registrations?scope=tenant -> 200
    image_joint_http_test.go:242: HTTP POST /api/v1/images/publisher-credential:disable -> 409
    image_joint_http_test.go:242: HTTP POST /api/v1/images/publisher-credential:issue -> 200
    image_joint_http_test.go:242: HTTP POST /api/v1/images/publisher-credential:disable -> 200
    image_joint_http_test.go:242: HTTP POST /api/v1/images/publisher-credential:disable -> 200
    image_joint_http_test.go:242: HTTP POST /api/v1/images/publisher-credential:disable -> 409
    image_joint_http_test.go:258: HTTP POST /api/v1/images/publisher-credential:disable -> 409
    image_joint_http_test.go:242: HTTP POST /api/v1/images/publisher-credential:disable -> 409
    image_joint_http_test.go:242: HTTP POST /api/v1/images/publisher-credential:disable -> 200
    image_joint_http_test.go:242: HTTP POST /api/v1/images/publisher-credential:issue -> 200
    image_joint_http_test.go:242: HTTP POST /api/v1/images/publisher-credential:disable -> 200
    image_joint_http_test.go:235: HTTP GET /api/v1/images/publisher-credential -> 401
    image_joint_http_test.go:235: HTTP GET /api/v1/images/space -> 200
    image_joint_http_test.go:235: HTTP GET /api/v1/images/publisher-credential -> 200
    image_joint_http_test.go:235: HTTP GET /api/v1/images/registrations?scope=tenant -> 200
    image_joint_http_test.go:235: HTTP GET /api/v1/images/registrations?scope=tenant&search=empty-total -> 200
    image_joint_http_test.go:235: HTTP GET /api/v1/images/registrations?scope=platform -> 200
    image_joint_http_test.go:235: HTTP GET /api/v1/images/registrations/img_aaaaaaaaaaaaaaaaaaaaaaaaaaaaaaaa?scope=tenant -> 200
    image_joint_http_test.go:235: HTTP GET /api/v1/images/space -> 200
    image_joint_http_test.go:235: HTTP GET /api/v1/images/space -> 200
    image_joint_http_test.go:285: HTTP POST /api/v1/images/publisher-credential:issue -> 403
    image_joint_http_test.go:286: HTTP POST /api/v1/images/publisher-credential:issue -> 403
    image_joint_http_test.go:289: HTTP POST /api/v1/images/publisher-credential:issue -> 200
    image_joint_http_test.go:289: HTTP POST /api/v1/images/publisher-credential:reset -> 200
    image_joint_http_test.go:292: HTTP POST /api/v1/images/publisher-credential:issue -> 200
    image_joint_http_test.go:300: HTTP POST /api/v1/images/space:enable -> 200
    image_joint_http_test.go:300: HTTP POST /api/v1/images/publisher-credential:disable -> 200
    image_joint_http_test.go:300: HTTP POST /api/v1/images/registrations -> 200
    image_joint_http_test.go:300: HTTP PATCH /api/v1/images/registrations/img_aaaaaaaaaaaaaaaaaaaaaaaaaaaaaaaa -> 200
    image_joint_http_test.go:300: HTTP POST /api/v1/images/registrations/img_aaaaaaaaaaaaaaaaaaaaaaaaaaaaaaaa:unregister -> 200
    image_joint_http_test.go:304: HTTP POST /api/v1/images/publisher-credential:issue -> 400
    image_joint_http_test.go:304: HTTP POST /api/v1/images/publisher-credential:issue -> 400
    image_joint_http_test.go:304: HTTP POST /api/v1/images/publisher-credential:issue -> 400
    image_joint_http_test.go:306: HTTP POST /api/v1/images/publisher-credential:issue -> 400
    image_joint_http_test.go:307: HTTP POST /api/v1/images/publisher-credential:issue -> 401
    image_joint_http_test.go:312: HTTP POST /api/v1/images/publisher-credential:issue -> 400
    image_joint_http_test.go:313: HTTP GET /api/v1/images/registrations?scope=tenant&search=x -> 200
    image_joint_http_test.go:235: HTTP GET /api/v1/images/space -> 503
    image_joint_http_test.go:323: HTTP GET /api/v1/images/space -> 503
    image_joint_http_test.go:328: HTTP POST /api/v1/images/publisher-credential:issue -> 403
    image_joint_http_test.go:329: HTTP POST /api/v1/images/publisher-credential:issue -> 403
    image_joint_http_test.go:235: HTTP GET /api/v1/images/space -> 401
    image_joint_http_test.go:235: HTTP GET /api/v1/images/space -> 403
    image_resource_contract_test.go:41: Resource contract helper pid=730734 exit=0; owned database cleanup complete
--- PASS: TestImageJointHTTP (0.69s)
PASS
ok  	go-wind-admin/app/admin/service/internal/service	0.732s
removed Image Governance fixture=925a5a7e1745233ea6d391c448cb9725935f42751f114f2caa17921b98193c6f
removed Image Governance fixture=af4a4b48580627366df041570a1d3348ee347876e34007a39afa87f85aa37939
